// Jest Snapshot v1, https://goo.gl/fbAQLP

exports[`should render correctly 1`] = `
<div
  className="DatePicker"
  style={
    Object {
      "display": "inline-block",
    }
  }
>
  <div>
    <input
      className="date-picker-input"
      onBlur={[Function]}
      onChange={[Function]}
      onFocus={[Function]}
      placeholder="This is the placeholder"
      style={
        Object {
          "border": "1px solid black",
          "borderRadius": 4,
          "minWidth": 150,
          "outline": "none",
          "padding": 5,
        }
      }
      value=""
    />
  </div>
</div>
`;
